  • completed installing native dependencies
  • packaging       platform=win32 arch=x64 electron=38.8.6 appOutDir=dist/win-unpacked
  • downloaded      label=electron progress=100%
  • downloaded electron zip extracted successfully  output=/home/user/Deskminis/deskminis/dist/win-unpacked
  • searching for node modules  pm=npm searchDir=/home/user/Deskminis/deskminis
  • duplicate dependency references  dependencies=["once@1.4.0","once@1.4.0","pump@3.0.4","readable-stream@3.6.2","end-of-stream@1.4.5"]
  • updating asar integrity executable resource  executablePath=dist/win-unpacked/DeskMinis.exe
  • signing with signtool.exe  path=dist/win-unpacked/DeskMinis.exe
  • building        target=nsis file=dist/DeskMinis-0.2.0-Setup.exe archs=x64 oneClick=false perMachine=false
  • downloaded      label=nsis-3.0.4.1.7z progress=100%
  • downloaded      label=7zip-linux-x64.tar.gz progress=100%
  • signing with signtool.exe  path=dist/win-unpacked/resources/elevate.exe
  • downloaded      label=nsis-resources-3.4.1.7z progress=100%
  ⨯ wine process failed ENOENT
Exit code:
ENOENT
Output:
Exit code: ENOENT. spawn wine ENOENT  failedTask=build stackTrace=Error: wine process failed ENOENT
Exit code:
ENOENT
Output:
Exit code: ENOENT. spawn wine ENOENT
    at /home/user/Deskminis/deskminis/node_modules/builder-util/src/util.ts:192:18
    at exithandler (node:child_process:424:5)
    at ChildProcess.errorhandler (node:child_process:436:5)
    at ChildProcess.emit (node:events:519:28)
    at ChildProcess.emit (node:domain:489:12)
    at Process.ChildProcess._handle.onexit (node:internal/child_process:291:12)
    at onErrorNT (node:internal/child_process:483:16)
    at processTicksAndRejections (node:internal/process/task_queues:89:21)
